// Jest Snapshot v1, https://goo.gl/fbAQLP

exports[`Pruebas en el component <GifItem /> debe hacer match con el snapshot 1`] = `
<div>
  <div
    class="card"
  >
    <img
      alt="Nombre de la imagen"
      src="https://one-punch.com/saitama.jpg"
    />
    <p>
      Nombre de la imagen
    </p>
  </div>
</div>
`;
